ï¿½ï¿½ï¿½ï¿½ï¿½ESP-ROM:esp32s3-20210327
Build:Mar 27 2021
rst:0x1 (POWERON),boot:0x8 (SPI_FAST_FLASH_BOOT)
SPIWP:0xee
mode:DIO, clock div:1
load:0x3fce2810,len:0x178c
load:0x403c8700,len:0x4
load:0x403c8704,len:0xcb8
load:0x403cb700,len:0x2db0
entry 0x403c8914
[0;32mI (27) boot: ESP-IDF v5.3-rc1 2nd stage bootloader[0m
[0;32mI (27) boot: compile time Nov 30 2024 19:39:39[0m
[0;32mI (27) boot: Multicore bootloader[0m
[0;32mI (30) boot: chip revision: v0.2[0m
[0;32mI (34) boot.esp32s3: Boot SPI Speed : 80MHz[0m
[0;32mI (39) boot.esp32s3: SPI Mode       : DIO[0m
[0;32mI (43) boot.esp32s3: SPI Flash Size : 2MB[0m
[0;32mI (48) boot: Enabling RNG early entropy source...[0m
[0;32mI (54) boot: Partition Table:[0m
[0;32mI (57) boot: ## Label            Usage          Type ST Offset   Length[0m
[0;32mI (64) boot:  0 nvs              WiFi data        01 02 00009000 00006000[0m
[0;32mI (72) boot:  1 phy_init         RF data          01 01 0000f000 00001000[0m
[0;32mI (79) boot:  2 factory          factory app      00 00 00010000 00100000[0m
[0;32mI (87) boot: End of partition table[0m
[0;32mI (91) esp_image: segment 0: paddr=00010020 vaddr=3c020020 size=0a848h ( 43080) map[0m
[0;32mI (107) esp_image: segment 1: paddr=0001a870 vaddr=3fc92200 size=02a34h ( 10804) load[0m
[0;32mI (110) esp_image: segment 2: paddr=0001d2ac vaddr=40374000 size=02d6ch ( 11628) load[0m
[0;32mI (119) esp_image: segment 3: paddr=00020020 vaddr=42000020 size=19484h (103556) map[0m
[0;32mI (143) esp_image: segment 4: paddr=000394ac vaddr=40376d6c size=0b448h ( 46152) load[0m
[0;32mI (160) boot: Loaded app from partition at offset 0x10000[0m
[0;32mI (160) boot: Disabling RNG early entropy source...[0m
[0;32mI (172) cpu_start: Multicore app[0m
[0;32mI (181) cpu_start: Pro cpu start user code[0m
[0;32mI (181) cpu_start: cpu freq: 160000000 Hz[0m
[0;32mI (181) app_init: Application information:[0m
[0;32mI (184) app_init: Project name:     nvs_table[0m
[0;32mI (189) app_init: App version:      0.0.1-0+nvs_table.dbg[0m
[0;32mI (195) app_init: Compile time:     Nov 30 2024 19:39:30[0m
[0;32mI (201) app_init: ELF file SHA256:  724fee2e8...[0m
[0;32mI (206) app_init: ESP-IDF:          v5.3-rc1[0m
[0;32mI (211) efuse_init: Min chip rev:     v0.0[0m
[0;32mI (216) efuse_init: Max chip rev:     v0.99 [0m
[0;32mI (221) efuse_init: Chip rev:         v0.2[0m
[0;32mI (226) heap_init: Initializing. RAM available for dynamic allocation:[0m
[0;32mI (233) heap_init: At 3FCA3F48 len 000457C8 (277 KiB): RAM[0m
[0;32mI (239) heap_init: At 3FCE9710 len 00005724 (21 KiB): RAM[0m
[0;32mI (245) heap_init: At 3FCF0000 len 00008000 (32 KiB): DRAM[0m
[0;32mI (251) heap_init: At 600FE100 len 00001EE8 (7 KiB): RTCRAM[0m
[0;32mI (259) spi_flash: detected chip: gd[0m
[0;32mI (262) spi_flash: flash io: dio[0m
[0;33mW (266) spi_flash: Detected size(16384k) larger than the size in the binary image header(2048k). Using the size in the binary image header.[0m
[0;32mI (279) sleep: Configure to isolate all GPIO pins in sleep state[0m
[0;32mI (286) sleep: Enable automatic switching of GPIO sleep configuration[0m
[0;32mI (293) main_task: Started on CPU0[0m
[0;32mI (313) main_task: Calling app_main()[0m
[0;32mI (313) app_main: Starting app_main[0m
[0;32mI (313) app_main: Parsing CSV data[0m
[0;32mI (313) app_main: Parsing line 0: 0x1000,FLOAT,1.000,4,0[0m
[0;32mI (323) app_main: Parsing line 1: 0x1004,INT,42,4,1[0m
[0;32mI (323) app_main: Parsing line 2: 0x1008,STRING,Hello,5,0[0m
[0;32mI (333) app_main: Storing data in memory[0m
[0;32mI (333) app_main: Writing FLOAT value to address 0x00001000
[0m
[0;32mI (343) app_main: Writing float value 1.000000 to address 0x00001000[0m
[0;32mI (353) app_main: Writing byte 0x00 to address 0x00001000[0m
[0;32mI (353) app_main: Writing byte 0x00 to address 0x00001001[0m
[0;32mI (363) app_main: Writing byte 0x80 to address 0x00001002[0m
[0;32mI (373) app_main: Writing byte 0x3F to address 0x00001003[0m
[0;32mI (373) app_main: Writing INT value to address 0x00001004
[0m
[0;32mI (383) app_main: Writing int value 42 to address 0x00001004[0m
[0;32mI (383) app_main: Writing byte 0x2A to address 0x00001004[0m
[0;32mI (393) app_main: Writing byte 0x00 to address 0x00001005[0m
[0;32mI (403) app_main: Writing byte 0x00 to address 0x00001006[0m
[0;32mI (403) app_main: Writing byte 0x00 to address 0x00001007[0m
[0;32mI (413) app_main: Writing STRING value to address 0x00001008
[0m
[0;32mI (423) app_main: Finished app_main[0m
[0;32mI (423) main_task: Returned from app_main()[0m
